{"synthetic": false,
 "outputs": null,
 "log":
 [{"message":
   ".> ELAN=elan ELAN_HOME=/Users/chenwydj/.elan ELAN_TOOLCHAIN=leanprover/lean4:v4.23.0-rc2 LAKE=/Users/chenwydj/.elan/toolchains/leanprover--lean4---v4.23.0-rc2/bin/lake LAKE_HOME=/Users/chenwydj/.elan/toolchains/leanprover--lean4---v4.23.0-rc2 LAKE_PKG_URL_MAP={} LAKE_NO_CACHE=false LAKE_ARTIFACT_CACHE=false LAKE_CACHE_DIR=/Users/chenwydj/.elan/toolchains/leanprover--lean4---v4.23.0-rc2/lake/cache LEAN=/Users/chenwydj/.elan/toolchains/leanprover--lean4---v4.23.0-rc2/bin/lean LEAN_GITHASH=ad1a017949674a947f0d6794cbf7130d642c6530 LEAN_SYSROOT=/Users/chenwydj/.elan/toolchains/leanprover--lean4---v4.23.0-rc2 LEAN_AR=/Users/chenwydj/.elan/toolchains/leanprover--lean4---v4.23.0-rc2/bin/llvm-ar LEAN_CC= LEAN_PATH=/Users/chenwydj/Documents/Research/pde/.lake/packages/batteries/.lake/build/lib/lean:/Users/chenwydj/Documents/Research/pde/.lake/packages/Qq/.lake/build/lib/lean:/Users/chenwydj/Documents/Research/pde/.lake/packages/aesop/.lake/build/lib/lean:/Users/chenwydj/Documents/Research/pde/.lake/packages/proofwidgets/.lake/build/lib/lean:/Users/chenwydj/Documents/Research/pde/.lake/packages/importGraph/.lake/build/lib/lean:/Users/chenwydj/Documents/Research/pde/.lake/packages/LeanSearchClient/.lake/build/lib/lean:/Users/chenwydj/Documents/Research/pde/.lake/packages/plausible/.lake/build/lib/lean:/Users/chenwydj/Documents/Research/pde/.lake/packages/BibtexQuery/.lake/build/lib/lean:/Users/chenwydj/Documents/Research/pde/.lake/packages/UnicodeBasic/.lake/build/lib/lean:/Users/chenwydj/Documents/Research/pde/.lake/packages/Cli/.lake/build/lib/lean:/Users/chenwydj/Documents/Research/pde/.lake/packages/mathlib/.lake/build/lib/lean:/Users/chenwydj/Documents/Research/pde/.lake/packages/subverso/.lake/build/lib/lean:/Users/chenwydj/Documents/Research/pde/.lake/packages/MD4Lean/.lake/build/lib/lean:/Users/chenwydj/Documents/Research/pde/.lake/packages/doc-gen4/.lake/build/lib/lean:/Users/chenwydj/Documents/Research/pde/.lake/build/lib/lean:/Users/chenwydj/.elan/toolchains/leanprover--lean4---v4.23.0-rc2/lib/lean LEAN_SRC_PATH=/Users/chenwydj/Documents/Research/pde/.lake/packages/batteries:/Users/chenwydj/Documents/Research/pde/.lake/packages/batteries:/Users/chenwydj/Documents/Research/pde/.lake/packages/Qq:/Users/chenwydj/Documents/Research/pde/.lake/packages/aesop:/Users/chenwydj/Documents/Research/pde/.lake/packages/aesop:/Users/chenwydj/Documents/Research/pde/.lake/packages/proofwidgets:/Users/chenwydj/Documents/Research/pde/.lake/packages/proofwidgets:/Users/chenwydj/Documents/Research/pde/.lake/packages/importGraph:/Users/chenwydj/Documents/Research/pde/.lake/packages/importGraph:/Users/chenwydj/Documents/Research/pde/.lake/packages/LeanSearchClient:/Users/chenwydj/Documents/Research/pde/.lake/packages/LeanSearchClient:/Users/chenwydj/Documents/Research/pde/.lake/packages/plausible:/Users/chenwydj/Documents/Research/pde/.lake/packages/plausible:/Users/chenwydj/Documents/Research/pde/.lake/packages/BibtexQuery:/Users/chenwydj/Documents/Research/pde/.lake/packages/UnicodeBasic:/Users/chenwydj/Documents/Research/pde/.lake/packages/UnicodeBasic:/Users/chenwydj/Documents/Research/pde/.lake/packages/Cli:/Users/chenwydj/Documents/Research/pde/.lake/packages/mathlib:/Users/chenwydj/Documents/Research/pde/.lake/packages/mathlib:/Users/chenwydj/Documents/Research/pde/.lake/packages/mathlib:/Users/chenwydj/Documents/Research/pde/.lake/packages/mathlib:/Users/chenwydj/Documents/Research/pde/.lake/packages/mathlib:/Users/chenwydj/Documents/Research/pde/.lake/packages/mathlib:/Users/chenwydj/Documents/Research/pde/.lake/packages/mathlib:/Users/chenwydj/Documents/Research/pde/.lake/packages/subverso/src/:/Users/chenwydj/Documents/Research/pde/.lake/packages/MD4Lean:/Users/chenwydj/Documents/Research/pde/.lake/packages/MD4Lean:/Users/chenwydj/Documents/Research/pde/.lake/packages/doc-gen4:/Users/chenwydj/Documents/Research/pde:/Users/chenwydj/.elan/toolchains/leanprover--lean4---v4.23.0-rc2/src/lean/lake PATH DYLD_LIBRARY_PATH=/Users/chenwydj/.elan/toolchains/leanprover--lean4---v4.23.0-rc2/lib/lean:/Users/chenwydj/.elan/toolchains/leanprover--lean4---v4.23.0-rc2/lib:/Users/chenwydj/Documents/Research/pde/.lake/build/lib:/Users/chenwydj/Documents/Research/pde/.lake/packages/doc-gen4/.lake/build/lib:/Users/chenwydj/Documents/Research/pde/.lake/packages/MD4Lean/.lake/build/lib:/Users/chenwydj/Documents/Research/pde/.lake/packages/subverso/.lake/build/lib:/Users/chenwydj/Documents/Research/pde/.lake/packages/mathlib/.lake/build/lib:/Users/chenwydj/Documents/Research/pde/.lake/packages/Cli/.lake/build/lib:/Users/chenwydj/Documents/Research/pde/.lake/packages/UnicodeBasic/.lake/build/lib:/Users/chenwydj/Documents/Research/pde/.lake/packages/BibtexQuery/.lake/build/lib:/Users/chenwydj/Documents/Research/pde/.lake/packages/plausible/.lake/build/lib:/Users/chenwydj/Documents/Research/pde/.lake/packages/LeanSearchClient/.lake/build/lib:/Users/chenwydj/Documents/Research/pde/.lake/packages/importGraph/.lake/build/lib:/Users/chenwydj/Documents/Research/pde/.lake/packages/proofwidgets/.lake/build/lib:/Users/chenwydj/Documents/Research/pde/.lake/packages/aesop/.lake/build/lib:/Users/chenwydj/Documents/Research/pde/.lake/packages/Qq/.lake/build/lib:/Users/chenwydj/Documents/Research/pde/.lake/packages/batteries/.lake/build/lib /Users/chenwydj/Documents/Research/pde/.lake/packages/doc-gen4/.lake/build/bin/doc-gen4 single --build /Users/chenwydj/Documents/Research/pde/.lake/build Mathlib.CategoryTheory.Limits.Final https://github.com/leanprover-community/mathlib4/blob/90c0e186fd333cbdddbe0e5148aa3cd2d24dcf9a/Mathlib/CategoryTheory/Limits/Final.lean",
   "level": "trace"}],
 "inputs":
 [["<collection>",
   [["/Users/chenwydj/Documents/Research/pde/.lake/build/doc/Mathlib/CategoryTheory/Category/Cat/AsSmall.html",
     "14065944573392753400"],
    ["/Users/chenwydj/Documents/Research/pde/.lake/build/doc/Mathlib/CategoryTheory/Comma/StructuredArrow/Basic.html",
     "6666226011774964750"],
    ["/Users/chenwydj/Documents/Research/pde/.lake/build/doc/Mathlib/CategoryTheory/IsConnected.html",
     "789445354370127071"],
    ["/Users/chenwydj/Documents/Research/pde/.lake/build/doc/Mathlib/CategoryTheory/Limits/Preserves/Shapes/Terminal.html",
     "13606326701861863801"],
    ["/Users/chenwydj/Documents/Research/pde/.lake/build/doc/Mathlib/CategoryTheory/Limits/Types/Shapes.html",
     "10226936114047237016"],
    ["/Users/chenwydj/Documents/Research/pde/.lake/build/doc/Mathlib/CategoryTheory/Limits/Shapes/Grothendieck.html",
     "4196539651184198160"],
    ["/Users/chenwydj/Documents/Research/pde/.lake/build/doc/Mathlib/CategoryTheory/Filtered/Basic.html",
     "494398510989316733"],
    ["/Users/chenwydj/Documents/Research/pde/.lake/build/doc/Mathlib/CategoryTheory/Limits/Yoneda.html",
     "10750432698328490885"],
    ["/Users/chenwydj/Documents/Research/pde/.lake/build/doc/Mathlib/CategoryTheory/PUnit.html",
     "17436075401290780062"],
    ["/Users/chenwydj/Documents/Research/pde/.lake/build/doc/Mathlib/CategoryTheory/Grothendieck.html",
     "207476457605916475"]]],
  ["/Users/chenwydj/Documents/Research/pde/.lake/build/doc-data/references.json",
   "11893762902049086281"],
  ["/Users/chenwydj/Documents/Research/pde/.lake/packages/doc-gen4/.lake/build/bin/doc-gen4",
   "13373513328055668456"],
  ["Mathlib.CategoryTheory.Limits.Final:leanArts", "4703114462705259709"]],
 "depHash": "1384699222752629891"}