{"synthetic": false,
 "outputs": null,
 "log":
 [{"message":
   ".> ELAN=elan ELAN_HOME=/Users/chenwydj/.elan ELAN_TOOLCHAIN=leanprover/lean4:v4.23.0-rc2 LAKE=/Users/chenwydj/.elan/toolchains/leanprover--lean4---v4.23.0-rc2/bin/lake LAKE_HOME=/Users/chenwydj/.elan/toolchains/leanprover--lean4---v4.23.0-rc2 LAKE_PKG_URL_MAP={} LAKE_NO_CACHE=false LAKE_ARTIFACT_CACHE=false LAKE_CACHE_DIR=/Users/chenwydj/.elan/toolchains/leanprover--lean4---v4.23.0-rc2/lake/cache LEAN=/Users/chenwydj/.elan/toolchains/leanprover--lean4---v4.23.0-rc2/bin/lean LEAN_GITHASH=ad1a017949674a947f0d6794cbf7130d642c6530 LEAN_SYSROOT=/Users/chenwydj/.elan/toolchains/leanprover--lean4---v4.23.0-rc2 LEAN_AR=/Users/chenwydj/.elan/toolchains/leanprover--lean4---v4.23.0-rc2/bin/llvm-ar LEAN_CC= LEAN_PATH=/Users/chenwydj/Documents/Research/pde/.lake/packages/batteries/.lake/build/lib/lean:/Users/chenwydj/Documents/Research/pde/.lake/packages/Qq/.lake/build/lib/lean:/Users/chenwydj/Documents/Research/pde/.lake/packages/aesop/.lake/build/lib/lean:/Users/chenwydj/Documents/Research/pde/.lake/packages/proofwidgets/.lake/build/lib/lean:/Users/chenwydj/Documents/Research/pde/.lake/packages/importGraph/.lake/build/lib/lean:/Users/chenwydj/Documents/Research/pde/.lake/packages/LeanSearchClient/.lake/build/lib/lean:/Users/chenwydj/Documents/Research/pde/.lake/packages/plausible/.lake/build/lib/lean:/Users/chenwydj/Documents/Research/pde/.lake/packages/BibtexQuery/.lake/build/lib/lean:/Users/chenwydj/Documents/Research/pde/.lake/packages/UnicodeBasic/.lake/build/lib/lean:/Users/chenwydj/Documents/Research/pde/.lake/packages/Cli/.lake/build/lib/lean:/Users/chenwydj/Documents/Research/pde/.lake/packages/mathlib/.lake/build/lib/lean:/Users/chenwydj/Documents/Research/pde/.lake/packages/subverso/.lake/build/lib/lean:/Users/chenwydj/Documents/Research/pde/.lake/packages/MD4Lean/.lake/build/lib/lean:/Users/chenwydj/Documents/Research/pde/.lake/packages/doc-gen4/.lake/build/lib/lean:/Users/chenwydj/Documents/Research/pde/.lake/build/lib/lean:/Users/chenwydj/.elan/toolchains/leanprover--lean4---v4.23.0-rc2/lib/lean LEAN_SRC_PATH=/Users/chenwydj/Documents/Research/pde/.lake/packages/batteries:/Users/chenwydj/Documents/Research/pde/.lake/packages/batteries:/Users/chenwydj/Documents/Research/pde/.lake/packages/Qq:/Users/chenwydj/Documents/Research/pde/.lake/packages/aesop:/Users/chenwydj/Documents/Research/pde/.lake/packages/aesop:/Users/chenwydj/Documents/Research/pde/.lake/packages/proofwidgets:/Users/chenwydj/Documents/Research/pde/.lake/packages/proofwidgets:/Users/chenwydj/Documents/Research/pde/.lake/packages/importGraph:/Users/chenwydj/Documents/Research/pde/.lake/packages/importGraph:/Users/chenwydj/Documents/Research/pde/.lake/packages/LeanSearchClient:/Users/chenwydj/Documents/Research/pde/.lake/packages/LeanSearchClient:/Users/chenwydj/Documents/Research/pde/.lake/packages/plausible:/Users/chenwydj/Documents/Research/pde/.lake/packages/plausible:/Users/chenwydj/Documents/Research/pde/.lake/packages/BibtexQuery:/Users/chenwydj/Documents/Research/pde/.lake/packages/UnicodeBasic:/Users/chenwydj/Documents/Research/pde/.lake/packages/UnicodeBasic:/Users/chenwydj/Documents/Research/pde/.lake/packages/Cli:/Users/chenwydj/Documents/Research/pde/.lake/packages/mathlib:/Users/chenwydj/Documents/Research/pde/.lake/packages/mathlib:/Users/chenwydj/Documents/Research/pde/.lake/packages/mathlib:/Users/chenwydj/Documents/Research/pde/.lake/packages/mathlib:/Users/chenwydj/Documents/Research/pde/.lake/packages/mathlib:/Users/chenwydj/Documents/Research/pde/.lake/packages/mathlib:/Users/chenwydj/Documents/Research/pde/.lake/packages/mathlib:/Users/chenwydj/Documents/Research/pde/.lake/packages/subverso/src/:/Users/chenwydj/Documents/Research/pde/.lake/packages/MD4Lean:/Users/chenwydj/Documents/Research/pde/.lake/packages/MD4Lean:/Users/chenwydj/Documents/Research/pde/.lake/packages/doc-gen4:/Users/chenwydj/Documents/Research/pde:/Users/chenwydj/.elan/toolchains/leanprover--lean4---v4.23.0-rc2/src/lean/lake PATH DYLD_LIBRARY_PATH=/Users/chenwydj/.elan/toolchains/leanprover--lean4---v4.23.0-rc2/lib/lean:/Users/chenwydj/.elan/toolchains/leanprover--lean4---v4.23.0-rc2/lib:/Users/chenwydj/Documents/Research/pde/.lake/build/lib:/Users/chenwydj/Documents/Research/pde/.lake/packages/doc-gen4/.lake/build/lib:/Users/chenwydj/Documents/Research/pde/.lake/packages/MD4Lean/.lake/build/lib:/Users/chenwydj/Documents/Research/pde/.lake/packages/subverso/.lake/build/lib:/Users/chenwydj/Documents/Research/pde/.lake/packages/mathlib/.lake/build/lib:/Users/chenwydj/Documents/Research/pde/.lake/packages/Cli/.lake/build/lib:/Users/chenwydj/Documents/Research/pde/.lake/packages/UnicodeBasic/.lake/build/lib:/Users/chenwydj/Documents/Research/pde/.lake/packages/BibtexQuery/.lake/build/lib:/Users/chenwydj/Documents/Research/pde/.lake/packages/plausible/.lake/build/lib:/Users/chenwydj/Documents/Research/pde/.lake/packages/LeanSearchClient/.lake/build/lib:/Users/chenwydj/Documents/Research/pde/.lake/packages/importGraph/.lake/build/lib:/Users/chenwydj/Documents/Research/pde/.lake/packages/proofwidgets/.lake/build/lib:/Users/chenwydj/Documents/Research/pde/.lake/packages/aesop/.lake/build/lib:/Users/chenwydj/Documents/Research/pde/.lake/packages/Qq/.lake/build/lib:/Users/chenwydj/Documents/Research/pde/.lake/packages/batteries/.lake/build/lib /Users/chenwydj/Documents/Research/pde/.lake/packages/doc-gen4/.lake/build/bin/doc-gen4 single --build /Users/chenwydj/Documents/Research/pde/.lake/build Mathlib.Algebra.Algebra.Operations https://github.com/leanprover-community/mathlib4/blob/90c0e186fd333cbdddbe0e5148aa3cd2d24dcf9a/Mathlib/Algebra/Algebra/Operations.lean",
   "level": "trace"}],
 "inputs":
 [["<collection>",
   [["/Users/chenwydj/Documents/Research/pde/.lake/build/doc/Mathlib/Algebra/Algebra/Bilinear.html",
     "2283488760847572802"],
    ["/Users/chenwydj/Documents/Research/pde/.lake/build/doc/Mathlib/Algebra/Algebra/Opposite.html",
     "6225754327566248415"],
    ["/Users/chenwydj/Documents/Research/pde/.lake/build/doc/Mathlib/Algebra/Group/Pointwise/Finset/Basic.html",
     "14930834159805586133"],
    ["/Users/chenwydj/Documents/Research/pde/.lake/build/doc/Mathlib/Algebra/Group/Pointwise/Set/BigOperators.html",
     "3544620635317522412"],
    ["/Users/chenwydj/Documents/Research/pde/.lake/build/doc/Mathlib/Algebra/Module/Submodule/Pointwise.html",
     "86635213921465049"],
    ["/Users/chenwydj/Documents/Research/pde/.lake/build/doc/Mathlib/Algebra/Ring/NonZeroDivisors.html",
     "13395772586272495285"],
    ["/Users/chenwydj/Documents/Research/pde/.lake/build/doc/Mathlib/Algebra/Ring/Submonoid/Pointwise.html",
     "10363992834880941894"],
    ["/Users/chenwydj/Documents/Research/pde/.lake/build/doc/Mathlib/Data/Set/Semiring.html",
     "14338732687817606948"],
    ["/Users/chenwydj/Documents/Research/pde/.lake/build/doc/Mathlib/GroupTheory/GroupAction/SubMulAction/Pointwise.html",
     "7092440589444431251"]]],
  ["/Users/chenwydj/Documents/Research/pde/.lake/build/doc-data/references.json",
   "11893762902049086281"],
  ["/Users/chenwydj/Documents/Research/pde/.lake/packages/doc-gen4/.lake/build/bin/doc-gen4",
   "13373513328055668456"],
  ["Mathlib.Algebra.Algebra.Operations:leanArts", "13005747156019590849"]],
 "depHash": "18050965098517816838"}