{"synthetic": false,
 "schemaVersion": "2025-09-10",
 "outputs": null,
 "log":
 [{"message":
   ".> ELAN=elan ELAN_HOME=/Users/chenwydj/.elan ELAN_TOOLCHAIN=leanprover/lean4:v4.27.0 LAKE=/Users/chenwydj/.elan/toolchains/leanprover--lean4---v4.27.0/bin/lake LAKE_HOME=/Users/chenwydj/.elan/toolchains/leanprover--lean4---v4.27.0 LAKE_PKG_URL_MAP={} LAKE_NO_CACHE=false LAKE_ARTIFACT_CACHE=false LAKE_CACHE_KEY= LAKE_CACHE_ARTIFACT_ENDPOINT= LAKE_CACHE_REVISION_ENDPOINT= LEAN=/Users/chenwydj/.elan/toolchains/leanprover--lean4---v4.27.0/bin/lean LEAN_SYSROOT=/Users/chenwydj/.elan/toolchains/leanprover--lean4---v4.27.0 LEAN_AR=/Users/chenwydj/.elan/toolchains/leanprover--lean4---v4.27.0/bin/llvm-ar LEAN_CC= LAKE_CACHE_DIR=/Users/chenwydj/.elan/toolchains/leanprover--lean4---v4.27.0/lake/cache LEAN_PATH=/Users/chenwydj/Documents/Research/pde/.lake/packages/Qq/.lake/build/lib/lean:/Users/chenwydj/Documents/Research/pde/.lake/packages/aesop/.lake/build/lib/lean:/Users/chenwydj/Documents/Research/pde/.lake/packages/proofwidgets/.lake/build/lib/lean:/Users/chenwydj/Documents/Research/pde/.lake/packages/importGraph/.lake/build/lib/lean:/Users/chenwydj/Documents/Research/pde/.lake/packages/LeanSearchClient/.lake/build/lib/lean:/Users/chenwydj/Documents/Research/pde/.lake/packages/plausible/.lake/build/lib/lean:/Users/chenwydj/Documents/Research/pde/.lake/packages/BibtexQuery/.lake/build/lib/lean:/Users/chenwydj/Documents/Research/pde/.lake/packages/UnicodeBasic/.lake/build/lib/lean:/Users/chenwydj/Documents/Research/pde/.lake/packages/batteries/.lake/build/lib/lean:/Users/chenwydj/Documents/Research/pde/.lake/packages/Cli/.lake/build/lib/lean:/Users/chenwydj/Documents/Research/pde/.lake/packages/mathlib/.lake/build/lib/lean:/Users/chenwydj/Documents/Research/pde/.lake/packages/subverso/.lake/build/lib/lean:/Users/chenwydj/Documents/Research/pde/.lake/packages/MD4Lean/.lake/build/lib/lean:/Users/chenwydj/Documents/Research/pde/.lake/packages/doc-gen4/.lake/build/lib/lean:/Users/chenwydj/Documents/Research/pde/.lake/packages/checkdecls/.lake/build/lib/lean:/Users/chenwydj/Documents/Research/pde/.lake/packages/LeanArchitect/.lake/build/lib/lean:/Users/chenwydj/Documents/Research/pde/.lake/build/lib/lean:/Users/chenwydj/.elan/toolchains/leanprover--lean4---v4.27.0/lib/lean LEAN_SRC_PATH=/Users/chenwydj/Documents/Research/pde/.lake/packages/Qq:/Users/chenwydj/Documents/Research/pde/.lake/packages/Qq:/Users/chenwydj/Documents/Research/pde/.lake/packages/aesop:/Users/chenwydj/Documents/Research/pde/.lake/packages/aesop:/Users/chenwydj/Documents/Research/pde/.lake/packages/proofwidgets:/Users/chenwydj/Documents/Research/pde/.lake/packages/proofwidgets:/Users/chenwydj/Documents/Research/pde/.lake/packages/proofwidgets:/Users/chenwydj/Documents/Research/pde/.lake/packages/importGraph:/Users/chenwydj/Documents/Research/pde/.lake/packages/importGraph:/Users/chenwydj/Documents/Research/pde/.lake/packages/LeanSearchClient:/Users/chenwydj/Documents/Research/pde/.lake/packages/LeanSearchClient:/Users/chenwydj/Documents/Research/pde/.lake/packages/plausible:/Users/chenwydj/Documents/Research/pde/.lake/packages/plausible:/Users/chenwydj/Documents/Research/pde/.lake/packages/BibtexQuery:/Users/chenwydj/Documents/Research/pde/.lake/packages/UnicodeBasic:/Users/chenwydj/Documents/Research/pde/.lake/packages/UnicodeBasic:/Users/chenwydj/Documents/Research/pde/.lake/packages/batteries:/Users/chenwydj/Documents/Research/pde/.lake/packages/batteries:/Users/chenwydj/Documents/Research/pde/.lake/packages/Cli:/Users/chenwydj/Documents/Research/pde/.lake/packages/Cli:/Users/chenwydj/Documents/Research/pde/.lake/packages/mathlib:/Users/chenwydj/Documents/Research/pde/.lake/packages/mathlib:/Users/chenwydj/Documents/Research/pde/.lake/packages/mathlib:/Users/chenwydj/Documents/Research/pde/.lake/packages/mathlib:/Users/chenwydj/Documents/Research/pde/.lake/packages/mathlib:/Users/chenwydj/Documents/Research/pde/.lake/packages/mathlib:/Users/chenwydj/Documents/Research/pde/.lake/packages/mathlib:/Users/chenwydj/Documents/Research/pde/.lake/packages/subverso/src/:/Users/chenwydj/Documents/Research/pde/.lake/packages/MD4Lean:/Users/chenwydj/Documents/Research/pde/.lake/packages/MD4Lean:/Users/chenwydj/Documents/Research/pde/.lake/packages/doc-gen4:/Users/chenwydj/Documents/Research/pde/.lake/packages/LeanArchitect:/Users/chenwydj/Documents/Research/pde/.lake/packages/LeanArchitect:/Users/chenwydj/Documents/Research/pde:/Users/chenwydj/.elan/toolchains/leanprover--lean4---v4.27.0/src/lean/lake LEAN_GITHASH=db93fe1608548721853390a10cd40580fe7d22ae PATH DYLD_LIBRARY_PATH=/Users/chenwydj/.elan/toolchains/leanprover--lean4---v4.27.0/lib/lean:/Users/chenwydj/.elan/toolchains/leanprover--lean4---v4.27.0/lib:/Users/chenwydj/Documents/Research/pde/.lake/build/lib:/Users/chenwydj/Documents/Research/pde/.lake/packages/LeanArchitect/.lake/build/lib:/Users/chenwydj/Documents/Research/pde/.lake/packages/checkdecls/.lake/build/lib:/Users/chenwydj/Documents/Research/pde/.lake/packages/doc-gen4/.lake/build/lib:/Users/chenwydj/Documents/Research/pde/.lake/packages/MD4Lean/.lake/build/lib:/Users/chenwydj/Documents/Research/pde/.lake/packages/subverso/.lake/build/lib:/Users/chenwydj/Documents/Research/pde/.lake/packages/mathlib/.lake/build/lib:/Users/chenwydj/Documents/Research/pde/.lake/packages/Cli/.lake/build/lib:/Users/chenwydj/Documents/Research/pde/.lake/packages/batteries/.lake/build/lib:/Users/chenwydj/Documents/Research/pde/.lake/packages/UnicodeBasic/.lake/build/lib:/Users/chenwydj/Documents/Research/pde/.lake/packages/BibtexQuery/.lake/build/lib:/Users/chenwydj/Documents/Research/pde/.lake/packages/plausible/.lake/build/lib:/Users/chenwydj/Documents/Research/pde/.lake/packages/LeanSearchClient/.lake/build/lib:/Users/chenwydj/Documents/Research/pde/.lake/packages/importGraph/.lake/build/lib:/Users/chenwydj/Documents/Research/pde/.lake/packages/proofwidgets/.lake/build/lib:/Users/chenwydj/Documents/Research/pde/.lake/packages/aesop/.lake/build/lib:/Users/chenwydj/Documents/Research/pde/.lake/packages/Qq/.lake/build/lib /Users/chenwydj/Documents/Research/pde/.lake/packages/doc-gen4/.lake/build/bin/doc-gen4 single --build /Users/chenwydj/Documents/Research/pde/.lake/build PDE.Basics.Heat.HeatMaximumPrinciple https://github.com/weiran-sun/pde/blob/00ff8938ef894f8d6c9b68711278c512d88ff057/PDE/Basics/Heat/HeatMaximumPrinciple.lean",
   "level": "trace"}],
 "inputs":
 [["<collection>",
   [["/Users/chenwydj/Documents/Research/pde/.lake/build/doc/Mathlib/Analysis/Calculus/Deriv/Basic.html",
     "30884602fc8e48ba"],
    ["/Users/chenwydj/Documents/Research/pde/.lake/build/doc/Mathlib/Analysis/Calculus/FDeriv/Basic.html",
     "55991b4dad5d02c7"],
    ["/Users/chenwydj/Documents/Research/pde/.lake/build/doc/Mathlib/Topology/Basic.html",
     "19543b6b2a94e77a"],
    ["/Users/chenwydj/Documents/Research/pde/.lake/build/doc/Mathlib/Order/Bounds/Basic.html",
     "ee7e86a93f676e2f"],
    ["/Users/chenwydj/Documents/Research/pde/.lake/build/doc/Mathlib/Analysis/Calculus/Deriv/Add.html",
     "d9f936898bcc33cd"],
    ["/Users/chenwydj/Documents/Research/pde/.lake/build/doc/Mathlib/Analysis/Calculus/Deriv/Pow.html",
     "14bcd6f8f8c6057f"],
    ["/Users/chenwydj/Documents/Research/pde/.lake/build/doc/Mathlib/Analysis/Calculus/Deriv/Mul.html",
     "1013a7a0f5fc61cf"],
    ["/Users/chenwydj/Documents/Research/pde/.lake/build/doc/Mathlib/Analysis/Calculus/MeanValue.html",
     "a7eb5c1cc2b93820"],
    ["/Users/chenwydj/Documents/Research/pde/.lake/build/doc/Mathlib/Analysis/Calculus/ContDiff/Basic.html",
     "9050c51f10cae7f2"],
    ["/Users/chenwydj/Documents/Research/pde/.lake/build/doc/Mathlib/Topology/MetricSpace/Basic.html",
     "ab046a8d13883832"],
    ["/Users/chenwydj/Documents/Research/pde/.lake/build/doc/Mathlib/Analysis/Calculus/LocalExtr/Basic.html",
     "4433d31e07d3e869"],
    ["/Users/chenwydj/Documents/Research/pde/.lake/build/doc/Mathlib/Analysis/Calculus/ContDiff/Operations.html",
     "056eba5341b5e367"],
    ["/Users/chenwydj/Documents/Research/pde/.lake/build/doc/Mathlib/Geometry/Manifold/IsManifold/InteriorBoundary.html",
     "d330fce8ad2de270"],
    ["/Users/chenwydj/Documents/Research/pde/.lake/build/doc/Mathlib/Analysis/Calculus/DerivativeTest.html",
     "cb07cc4131ceef18"],
    ["/Users/chenwydj/Documents/Research/pde/.lake/build/doc/Mathlib/Analysis/Calculus/ContDiff/Defs.html",
     "adefbc31d26f183e"],
    ["/Users/chenwydj/Documents/Research/pde/.lake/build/doc/Mathlib/Analysis/Calculus/IteratedDeriv/Defs.html",
     "0a3176c9924868b4"],
    ["/Users/chenwydj/Documents/Research/pde/.lake/build/doc/Mathlib/Analysis/Calculus/IteratedDeriv/Lemmas.html",
     "dde0943122872431"],
    ["/Users/chenwydj/Documents/Research/pde/.lake/build/doc/Mathlib/Algebra/Polynomial/Derivative.html",
     "7d081d296eb122be"],
    ["/Users/chenwydj/Documents/Research/pde/.lake/build/doc/Mathlib/Topology/Algebra/Module/Multilinear/Basic.html",
     "66f82b8987ee1e39"],
    ["/Users/chenwydj/Documents/Research/pde/.lake/build/doc/Mathlib/Topology/Algebra/ContinuousAffineMap.html",
     "490c17e6609ab901"]]],
  ["/Users/chenwydj/Documents/Research/pde/.lake/build/doc-data/references.json",
   "a50f2257f35adb49"],
  ["/Users/chenwydj/Documents/Research/pde/.lake/packages/doc-gen4/.lake/build/bin/doc-gen4",
   "60a7d4a93ff539d0"],
  ["PDE.Basics.Heat.HeatMaximumPrinciple:leanArts", "e4bbf7ec370f2ebe"]],
 "depHash": "f45c8fef99d72889"}