{"synthetic": false,
 "schemaVersion": "2025-09-10",
 "outputs": null,
 "log":
 [{"message":
   ".> ELAN=elan ELAN_HOME=/Users/chenwydj/.elan ELAN_TOOLCHAIN=leanprover/lean4:v4.27.0 LAKE=/Users/chenwydj/.elan/toolchains/leanprover--lean4---v4.27.0/bin/lake LAKE_HOME=/Users/chenwydj/.elan/toolchains/leanprover--lean4---v4.27.0 LAKE_PKG_URL_MAP={} LAKE_NO_CACHE=false LAKE_ARTIFACT_CACHE=false LAKE_CACHE_KEY= LAKE_CACHE_ARTIFACT_ENDPOINT= LAKE_CACHE_REVISION_ENDPOINT= LEAN=/Users/chenwydj/.elan/toolchains/leanprover--lean4---v4.27.0/bin/lean LEAN_SYSROOT=/Users/chenwydj/.elan/toolchains/leanprover--lean4---v4.27.0 LEAN_AR=/Users/chenwydj/.elan/toolchains/leanprover--lean4---v4.27.0/bin/llvm-ar LEAN_CC= LAKE_CACHE_DIR=/Users/chenwydj/.elan/toolchains/leanprover--lean4---v4.27.0/lake/cache LEAN_PATH=/Users/chenwydj/Documents/Research/pde/.lake/packages/batteries/.lake/build/lib/lean:/Users/chenwydj/Documents/Research/pde/.lake/packages/Qq/.lake/build/lib/lean:/Users/chenwydj/Documents/Research/pde/.lake/packages/aesop/.lake/build/lib/lean:/Users/chenwydj/Documents/Research/pde/.lake/packages/proofwidgets/.lake/build/lib/lean:/Users/chenwydj/Documents/Research/pde/.lake/packages/importGraph/.lake/build/lib/lean:/Users/chenwydj/Documents/Research/pde/.lake/packages/LeanSearchClient/.lake/build/lib/lean:/Users/chenwydj/Documents/Research/pde/.lake/packages/plausible/.lake/build/lib/lean:/Users/chenwydj/Documents/Research/pde/.lake/packages/BibtexQuery/.lake/build/lib/lean:/Users/chenwydj/Documents/Research/pde/.lake/packages/UnicodeBasic/.lake/build/lib/lean:/Users/chenwydj/Documents/Research/pde/.lake/packages/Cli/.lake/build/lib/lean:/Users/chenwydj/Documents/Research/pde/.lake/packages/mathlib/.lake/build/lib/lean:/Users/chenwydj/Documents/Research/pde/.lake/packages/subverso/.lake/build/lib/lean:/Users/chenwydj/Documents/Research/pde/.lake/packages/MD4Lean/.lake/build/lib/lean:/Users/chenwydj/Documents/Research/pde/.lake/packages/doc-gen4/.lake/build/lib/lean:/Users/chenwydj/Documents/Research/pde/.lake/build/lib/lean:/Users/chenwydj/.elan/toolchains/leanprover--lean4---v4.27.0/lib/lean LEAN_SRC_PATH=/Users/chenwydj/Documents/Research/pde/.lake/packages/batteries:/Users/chenwydj/Documents/Research/pde/.lake/packages/batteries:/Users/chenwydj/Documents/Research/pde/.lake/packages/Qq:/Users/chenwydj/Documents/Research/pde/.lake/packages/Qq:/Users/chenwydj/Documents/Research/pde/.lake/packages/aesop:/Users/chenwydj/Documents/Research/pde/.lake/packages/aesop:/Users/chenwydj/Documents/Research/pde/.lake/packages/proofwidgets:/Users/chenwydj/Documents/Research/pde/.lake/packages/proofwidgets:/Users/chenwydj/Documents/Research/pde/.lake/packages/proofwidgets:/Users/chenwydj/Documents/Research/pde/.lake/packages/importGraph:/Users/chenwydj/Documents/Research/pde/.lake/packages/importGraph:/Users/chenwydj/Documents/Research/pde/.lake/packages/LeanSearchClient:/Users/chenwydj/Documents/Research/pde/.lake/packages/LeanSearchClient:/Users/chenwydj/Documents/Research/pde/.lake/packages/plausible:/Users/chenwydj/Documents/Research/pde/.lake/packages/plausible:/Users/chenwydj/Documents/Research/pde/.lake/packages/BibtexQuery:/Users/chenwydj/Documents/Research/pde/.lake/packages/UnicodeBasic:/Users/chenwydj/Documents/Research/pde/.lake/packages/UnicodeBasic:/Users/chenwydj/Documents/Research/pde/.lake/packages/Cli:/Users/chenwydj/Documents/Research/pde/.lake/packages/Cli:/Users/chenwydj/Documents/Research/pde/.lake/packages/mathlib:/Users/chenwydj/Documents/Research/pde/.lake/packages/mathlib:/Users/chenwydj/Documents/Research/pde/.lake/packages/mathlib:/Users/chenwydj/Documents/Research/pde/.lake/packages/mathlib:/Users/chenwydj/Documents/Research/pde/.lake/packages/mathlib:/Users/chenwydj/Documents/Research/pde/.lake/packages/mathlib:/Users/chenwydj/Documents/Research/pde/.lake/packages/mathlib:/Users/chenwydj/Documents/Research/pde/.lake/packages/subverso/src/:/Users/chenwydj/Documents/Research/pde/.lake/packages/MD4Lean:/Users/chenwydj/Documents/Research/pde/.lake/packages/MD4Lean:/Users/chenwydj/Documents/Research/pde/.lake/packages/doc-gen4:/Users/chenwydj/Documents/Research/pde:/Users/chenwydj/.elan/toolchains/leanprover--lean4---v4.27.0/src/lean/lake LEAN_GITHASH=db93fe1608548721853390a10cd40580fe7d22ae PATH DYLD_LIBRARY_PATH=/Users/chenwydj/.elan/toolchains/leanprover--lean4---v4.27.0/lib/lean:/Users/chenwydj/.elan/toolchains/leanprover--lean4---v4.27.0/lib:/Users/chenwydj/Documents/Research/pde/.lake/build/lib:/Users/chenwydj/Documents/Research/pde/.lake/packages/doc-gen4/.lake/build/lib:/Users/chenwydj/Documents/Research/pde/.lake/packages/MD4Lean/.lake/build/lib:/Users/chenwydj/Documents/Research/pde/.lake/packages/subverso/.lake/build/lib:/Users/chenwydj/Documents/Research/pde/.lake/packages/mathlib/.lake/build/lib:/Users/chenwydj/Documents/Research/pde/.lake/packages/Cli/.lake/build/lib:/Users/chenwydj/Documents/Research/pde/.lake/packages/UnicodeBasic/.lake/build/lib:/Users/chenwydj/Documents/Research/pde/.lake/packages/BibtexQuery/.lake/build/lib:/Users/chenwydj/Documents/Research/pde/.lake/packages/plausible/.lake/build/lib:/Users/chenwydj/Documents/Research/pde/.lake/packages/LeanSearchClient/.lake/build/lib:/Users/chenwydj/Documents/Research/pde/.lake/packages/importGraph/.lake/build/lib:/Users/chenwydj/Documents/Research/pde/.lake/packages/proofwidgets/.lake/build/lib:/Users/chenwydj/Documents/Research/pde/.lake/packages/aesop/.lake/build/lib:/Users/chenwydj/Documents/Research/pde/.lake/packages/Qq/.lake/build/lib:/Users/chenwydj/Documents/Research/pde/.lake/packages/batteries/.lake/build/lib /Users/chenwydj/Documents/Research/pde/.lake/packages/doc-gen4/.lake/build/bin/doc-gen4 single --build /Users/chenwydj/Documents/Research/pde/.lake/build Mathlib.Init https://github.com/leanprover-community/mathlib4/blob/a3a10db0e9d66acbebf76c5e6a135066525ac900/Mathlib/Init.lean",
   "level": "trace"}],
 "inputs":
 [["<collection>",
   [["/Users/chenwydj/Documents/Research/pde/.lake/build/doc/Mathlib/Lean/Linter.html",
     "2b0e67932a36b90a"],
    ["/Users/chenwydj/Documents/Research/pde/.lake/build/doc/Mathlib/Tactic/Linter/DeprecatedSyntaxLinter.html",
     "d23ecf241cb95359"],
    ["/Users/chenwydj/Documents/Research/pde/.lake/build/doc/Mathlib/Tactic/Linter/DirectoryDependency.html",
     "b6fbc91ac614cee8"],
    ["/Users/chenwydj/Documents/Research/pde/.lake/build/doc/Mathlib/Tactic/Linter/DocPrime.html",
     "761197c348fe7643"],
    ["/Users/chenwydj/Documents/Research/pde/.lake/build/doc/Mathlib/Tactic/Linter/DocString.html",
     "7c0d993fede9c072"],
    ["/Users/chenwydj/Documents/Research/pde/.lake/build/doc/Mathlib/Tactic/Linter/EmptyLine.html",
     "f89ae9aaf60f4836"],
    ["/Users/chenwydj/Documents/Research/pde/.lake/build/doc/Mathlib/Tactic/Linter/GlobalAttributeIn.html",
     "a7a1050712eb9352"],
    ["/Users/chenwydj/Documents/Research/pde/.lake/build/doc/Mathlib/Tactic/Linter/HashCommandLinter.html",
     "0c0748b833667203"],
    ["/Users/chenwydj/Documents/Research/pde/.lake/build/doc/Mathlib/Tactic/Linter/Header.html",
     "72ba28b2cf273662"],
    ["/Users/chenwydj/Documents/Research/pde/.lake/build/doc/Mathlib/Tactic/Linter/FlexibleLinter.html",
     "a27e2b87a75c0780"],
    ["/Users/chenwydj/Documents/Research/pde/.lake/build/doc/Mathlib/Tactic/Linter/Lint.html",
     "8601e688b3e7e3eb"],
    ["/Users/chenwydj/Documents/Research/pde/.lake/build/doc/Mathlib/Tactic/Linter/Multigoal.html",
     "2180a0e9c1f95158"],
    ["/Users/chenwydj/Documents/Research/pde/.lake/build/doc/Mathlib/Tactic/Linter/OldObtain.html",
     "035a3ad15d8ed825"],
    ["/Users/chenwydj/Documents/Research/pde/.lake/build/doc/Mathlib/Tactic/Linter/PrivateModule.html",
     "2d502e9a9bf9e823"],
    ["/Users/chenwydj/Documents/Research/pde/.lake/build/doc/Mathlib/Tactic/Linter/TacticDocumentation.html",
     "e151fa7b2bae2ce2"],
    ["/Users/chenwydj/Documents/Research/pde/.lake/build/doc/Mathlib/Tactic/Linter/UnusedTacticExtension.html",
     "c009a0df4b87ed1b"],
    ["/Users/chenwydj/Documents/Research/pde/.lake/build/doc/Mathlib/Tactic/Linter/UnusedTactic.html",
     "01cc2047826f2fed"],
    ["/Users/chenwydj/Documents/Research/pde/.lake/build/doc/Mathlib/Tactic/Linter/UnusedInstancesInType.html",
     "94c917b9286ee13f"],
    ["/Users/chenwydj/Documents/Research/pde/.lake/build/doc/Mathlib/Tactic/Linter/Style.html",
     "7c284ecb8e1a20e5"],
    ["/Users/chenwydj/Documents/Research/pde/.lake/build/doc/Mathlib/Tactic/Linter/Whitespace.html",
     "7276d71c7c56ad62"],
    ["/Users/chenwydj/Documents/Research/pde/.lake/build/doc/Mathlib/Tactic/MinImports.html",
     "6a29344dbbb5d9d8"],
    ["/Users/chenwydj/Documents/Research/pde/.lake/build/doc/Mathlib/Tactic/TacticAnalysis/Declarations.html",
     "ae3c0ddc3be8b8f1"],
    ["/Users/chenwydj/Documents/Research/pde/.lake/build/doc/Mathlib/Util/ParseCommand.html",
     "c805e9a25bbe1321"]]],
  ["/Users/chenwydj/Documents/Research/pde/.lake/build/doc-data/references.json",
   "a50f2257f35adb49"],
  ["/Users/chenwydj/Documents/Research/pde/.lake/packages/doc-gen4/.lake/build/bin/doc-gen4",
   "60a7d4a93ff539d0"],
  ["Mathlib.Init:leanArts", "97b609de50866b24"]],
 "depHash": "b43d43da4ede0766"}