{"synthetic": false,
 "outputs": null,
 "log":
 [{"message":
   ".> ELAN=elan ELAN_HOME=/Users/chenwydj/.elan ELAN_TOOLCHAIN=leanprover/lean4:v4.23.0-rc2 LAKE=/Users/chenwydj/.elan/toolchains/leanprover--lean4---v4.23.0-rc2/bin/lake LAKE_HOME=/Users/chenwydj/.elan/toolchains/leanprover--lean4---v4.23.0-rc2 LAKE_PKG_URL_MAP={} LAKE_NO_CACHE=false LAKE_ARTIFACT_CACHE=false LAKE_CACHE_DIR=/Users/chenwydj/.elan/toolchains/leanprover--lean4---v4.23.0-rc2/lake/cache LEAN=/Users/chenwydj/.elan/toolchains/leanprover--lean4---v4.23.0-rc2/bin/lean LEAN_GITHASH=ad1a017949674a947f0d6794cbf7130d642c6530 LEAN_SYSROOT=/Users/chenwydj/.elan/toolchains/leanprover--lean4---v4.23.0-rc2 LEAN_AR=/Users/chenwydj/.elan/toolchains/leanprover--lean4---v4.23.0-rc2/bin/llvm-ar LEAN_CC= LEAN_PATH=/Users/chenwydj/Documents/Research/pde/.lake/packages/batteries/.lake/build/lib/lean:/Users/chenwydj/Documents/Research/pde/.lake/packages/Qq/.lake/build/lib/lean:/Users/chenwydj/Documents/Research/pde/.lake/packages/aesop/.lake/build/lib/lean:/Users/chenwydj/Documents/Research/pde/.lake/packages/proofwidgets/.lake/build/lib/lean:/Users/chenwydj/Documents/Research/pde/.lake/packages/importGraph/.lake/build/lib/lean:/Users/chenwydj/Documents/Research/pde/.lake/packages/LeanSearchClient/.lake/build/lib/lean:/Users/chenwydj/Documents/Research/pde/.lake/packages/plausible/.lake/build/lib/lean:/Users/chenwydj/Documents/Research/pde/.lake/packages/BibtexQuery/.lake/build/lib/lean:/Users/chenwydj/Documents/Research/pde/.lake/packages/UnicodeBasic/.lake/build/lib/lean:/Users/chenwydj/Documents/Research/pde/.lake/packages/Cli/.lake/build/lib/lean:/Users/chenwydj/Documents/Research/pde/.lake/packages/mathlib/.lake/build/lib/lean:/Users/chenwydj/Documents/Research/pde/.lake/packages/subverso/.lake/build/lib/lean:/Users/chenwydj/Documents/Research/pde/.lake/packages/MD4Lean/.lake/build/lib/lean:/Users/chenwydj/Documents/Research/pde/.lake/packages/doc-gen4/.lake/build/lib/lean:/Users/chenwydj/Documents/Research/pde/.lake/build/lib/lean:/Users/chenwydj/.elan/toolchains/leanprover--lean4---v4.23.0-rc2/lib/lean LEAN_SRC_PATH=/Users/chenwydj/Documents/Research/pde/.lake/packages/batteries:/Users/chenwydj/Documents/Research/pde/.lake/packages/batteries:/Users/chenwydj/Documents/Research/pde/.lake/packages/Qq:/Users/chenwydj/Documents/Research/pde/.lake/packages/aesop:/Users/chenwydj/Documents/Research/pde/.lake/packages/aesop:/Users/chenwydj/Documents/Research/pde/.lake/packages/proofwidgets:/Users/chenwydj/Documents/Research/pde/.lake/packages/proofwidgets:/Users/chenwydj/Documents/Research/pde/.lake/packages/importGraph:/Users/chenwydj/Documents/Research/pde/.lake/packages/importGraph:/Users/chenwydj/Documents/Research/pde/.lake/packages/LeanSearchClient:/Users/chenwydj/Documents/Research/pde/.lake/packages/LeanSearchClient:/Users/chenwydj/Documents/Research/pde/.lake/packages/plausible:/Users/chenwydj/Documents/Research/pde/.lake/packages/plausible:/Users/chenwydj/Documents/Research/pde/.lake/packages/BibtexQuery:/Users/chenwydj/Documents/Research/pde/.lake/packages/UnicodeBasic:/Users/chenwydj/Documents/Research/pde/.lake/packages/UnicodeBasic:/Users/chenwydj/Documents/Research/pde/.lake/packages/Cli:/Users/chenwydj/Documents/Research/pde/.lake/packages/mathlib:/Users/chenwydj/Documents/Research/pde/.lake/packages/mathlib:/Users/chenwydj/Documents/Research/pde/.lake/packages/mathlib:/Users/chenwydj/Documents/Research/pde/.lake/packages/mathlib:/Users/chenwydj/Documents/Research/pde/.lake/packages/mathlib:/Users/chenwydj/Documents/Research/pde/.lake/packages/mathlib:/Users/chenwydj/Documents/Research/pde/.lake/packages/mathlib:/Users/chenwydj/Documents/Research/pde/.lake/packages/subverso/src/:/Users/chenwydj/Documents/Research/pde/.lake/packages/MD4Lean:/Users/chenwydj/Documents/Research/pde/.lake/packages/MD4Lean:/Users/chenwydj/Documents/Research/pde/.lake/packages/doc-gen4:/Users/chenwydj/Documents/Research/pde:/Users/chenwydj/.elan/toolchains/leanprover--lean4---v4.23.0-rc2/src/lean/lake PATH DYLD_LIBRARY_PATH=/Users/chenwydj/.elan/toolchains/leanprover--lean4---v4.23.0-rc2/lib/lean:/Users/chenwydj/.elan/toolchains/leanprover--lean4---v4.23.0-rc2/lib:/Users/chenwydj/Documents/Research/pde/.lake/build/lib:/Users/chenwydj/Documents/Research/pde/.lake/packages/doc-gen4/.lake/build/lib:/Users/chenwydj/Documents/Research/pde/.lake/packages/MD4Lean/.lake/build/lib:/Users/chenwydj/Documents/Research/pde/.lake/packages/subverso/.lake/build/lib:/Users/chenwydj/Documents/Research/pde/.lake/packages/mathlib/.lake/build/lib:/Users/chenwydj/Documents/Research/pde/.lake/packages/Cli/.lake/build/lib:/Users/chenwydj/Documents/Research/pde/.lake/packages/UnicodeBasic/.lake/build/lib:/Users/chenwydj/Documents/Research/pde/.lake/packages/BibtexQuery/.lake/build/lib:/Users/chenwydj/Documents/Research/pde/.lake/packages/plausible/.lake/build/lib:/Users/chenwydj/Documents/Research/pde/.lake/packages/LeanSearchClient/.lake/build/lib:/Users/chenwydj/Documents/Research/pde/.lake/packages/importGraph/.lake/build/lib:/Users/chenwydj/Documents/Research/pde/.lake/packages/proofwidgets/.lake/build/lib:/Users/chenwydj/Documents/Research/pde/.lake/packages/aesop/.lake/build/lib:/Users/chenwydj/Documents/Research/pde/.lake/packages/Qq/.lake/build/lib:/Users/chenwydj/Documents/Research/pde/.lake/packages/batteries/.lake/build/lib /Users/chenwydj/Documents/Research/pde/.lake/packages/doc-gen4/.lake/build/bin/doc-gen4 single --build /Users/chenwydj/Documents/Research/pde/.lake/build Aesop.Index https://github.com/leanprover-community/aesop/blob/523c8ee53f7057447fc62ec14e506fda4cf63dfa/Aesop/Index.lean",
   "level": "trace"}],
 "inputs":
 [["<collection>",
   [["/Users/chenwydj/Documents/Research/pde/.lake/build/doc/Aesop/Forward/Match.html",
     "10106644017745477426"],
    ["/Users/chenwydj/Documents/Research/pde/.lake/build/doc/Aesop/Index/Basic.html",
     "4424554452883777039"],
    ["/Users/chenwydj/Documents/Research/pde/.lake/build/doc/Aesop/Index/RulePattern.html",
     "15119520952342563809"],
    ["/Users/chenwydj/Documents/Research/pde/.lake/build/doc/Aesop/RulePattern.html",
     "17454558929683228907"],
    ["/Users/chenwydj/Documents/Research/pde/.lake/build/doc/Aesop/Rule/Basic.html",
     "9268396611356960725"],
    ["/Users/chenwydj/Documents/Research/pde/.lake/build/doc/Aesop/Tracing.html",
     "15349799867472220814"],
    ["/Users/chenwydj/Documents/Research/pde/.lake/build/doc/Batteries/Lean/Meta/InstantiateMVars.html",
     "3075632759231675198"],
    ["/Users/chenwydj/Documents/Research/pde/.lake/build/doc/Batteries/Lean/PersistentHashSet.html",
     "13705698147804073786"],
    ["/Users/chenwydj/Documents/Research/pde/.lake/build/doc/Batteries/Lean/Meta/DiscrTree.html",
     "6433002509679989569"]]],
  ["/Users/chenwydj/Documents/Research/pde/.lake/build/doc-data/references.json",
   "11893762902049086281"],
  ["/Users/chenwydj/Documents/Research/pde/.lake/packages/doc-gen4/.lake/build/bin/doc-gen4",
   "13373513328055668456"],
  ["Aesop.Index:leanArts", "1842400129801140358"]],
 "depHash": "5199559059198148507"}