{"synthetic": false,
 "outputs": null,
 "log":
 [{"message":
   ".> ELAN=elan ELAN_HOME=/Users/chenwydj/.elan ELAN_TOOLCHAIN=leanprover/lean4:v4.23.0-rc2 LAKE=/Users/chenwydj/.elan/toolchains/leanprover--lean4---v4.23.0-rc2/bin/lake LAKE_HOME=/Users/chenwydj/.elan/toolchains/leanprover--lean4---v4.23.0-rc2 LAKE_PKG_URL_MAP={} LAKE_NO_CACHE=false LAKE_ARTIFACT_CACHE=false LAKE_CACHE_DIR=/Users/chenwydj/.elan/toolchains/leanprover--lean4---v4.23.0-rc2/lake/cache LEAN=/Users/chenwydj/.elan/toolchains/leanprover--lean4---v4.23.0-rc2/bin/lean LEAN_GITHASH=ad1a017949674a947f0d6794cbf7130d642c6530 LEAN_SYSROOT=/Users/chenwydj/.elan/toolchains/leanprover--lean4---v4.23.0-rc2 LEAN_AR=/Users/chenwydj/.elan/toolchains/leanprover--lean4---v4.23.0-rc2/bin/llvm-ar LEAN_CC= LEAN_PATH=/Users/chenwydj/Documents/Research/pde/.lake/packages/batteries/.lake/build/lib/lean:/Users/chenwydj/Documents/Research/pde/.lake/packages/Qq/.lake/build/lib/lean:/Users/chenwydj/Documents/Research/pde/.lake/packages/aesop/.lake/build/lib/lean:/Users/chenwydj/Documents/Research/pde/.lake/packages/proofwidgets/.lake/build/lib/lean:/Users/chenwydj/Documents/Research/pde/.lake/packages/importGraph/.lake/build/lib/lean:/Users/chenwydj/Documents/Research/pde/.lake/packages/LeanSearchClient/.lake/build/lib/lean:/Users/chenwydj/Documents/Research/pde/.lake/packages/plausible/.lake/build/lib/lean:/Users/chenwydj/Documents/Research/pde/.lake/packages/BibtexQuery/.lake/build/lib/lean:/Users/chenwydj/Documents/Research/pde/.lake/packages/UnicodeBasic/.lake/build/lib/lean:/Users/chenwydj/Documents/Research/pde/.lake/packages/Cli/.lake/build/lib/lean:/Users/chenwydj/Documents/Research/pde/.lake/packages/mathlib/.lake/build/lib/lean:/Users/chenwydj/Documents/Research/pde/.lake/packages/subverso/.lake/build/lib/lean:/Users/chenwydj/Documents/Research/pde/.lake/packages/MD4Lean/.lake/build/lib/lean:/Users/chenwydj/Documents/Research/pde/.lake/packages/doc-gen4/.lake/build/lib/lean:/Users/chenwydj/Documents/Research/pde/.lake/build/lib/lean:/Users/chenwydj/.elan/toolchains/leanprover--lean4---v4.23.0-rc2/lib/lean LEAN_SRC_PATH=/Users/chenwydj/Documents/Research/pde/.lake/packages/batteries:/Users/chenwydj/Documents/Research/pde/.lake/packages/batteries:/Users/chenwydj/Documents/Research/pde/.lake/packages/Qq:/Users/chenwydj/Documents/Research/pde/.lake/packages/aesop:/Users/chenwydj/Documents/Research/pde/.lake/packages/aesop:/Users/chenwydj/Documents/Research/pde/.lake/packages/proofwidgets:/Users/chenwydj/Documents/Research/pde/.lake/packages/proofwidgets:/Users/chenwydj/Documents/Research/pde/.lake/packages/importGraph:/Users/chenwydj/Documents/Research/pde/.lake/packages/importGraph:/Users/chenwydj/Documents/Research/pde/.lake/packages/LeanSearchClient:/Users/chenwydj/Documents/Research/pde/.lake/packages/LeanSearchClient:/Users/chenwydj/Documents/Research/pde/.lake/packages/plausible:/Users/chenwydj/Documents/Research/pde/.lake/packages/plausible:/Users/chenwydj/Documents/Research/pde/.lake/packages/BibtexQuery:/Users/chenwydj/Documents/Research/pde/.lake/packages/UnicodeBasic:/Users/chenwydj/Documents/Research/pde/.lake/packages/UnicodeBasic:/Users/chenwydj/Documents/Research/pde/.lake/packages/Cli:/Users/chenwydj/Documents/Research/pde/.lake/packages/mathlib:/Users/chenwydj/Documents/Research/pde/.lake/packages/mathlib:/Users/chenwydj/Documents/Research/pde/.lake/packages/mathlib:/Users/chenwydj/Documents/Research/pde/.lake/packages/mathlib:/Users/chenwydj/Documents/Research/pde/.lake/packages/mathlib:/Users/chenwydj/Documents/Research/pde/.lake/packages/mathlib:/Users/chenwydj/Documents/Research/pde/.lake/packages/mathlib:/Users/chenwydj/Documents/Research/pde/.lake/packages/subverso/src/:/Users/chenwydj/Documents/Research/pde/.lake/packages/MD4Lean:/Users/chenwydj/Documents/Research/pde/.lake/packages/MD4Lean:/Users/chenwydj/Documents/Research/pde/.lake/packages/doc-gen4:/Users/chenwydj/Documents/Research/pde:/Users/chenwydj/.elan/toolchains/leanprover--lean4---v4.23.0-rc2/src/lean/lake PATH DYLD_LIBRARY_PATH=/Users/chenwydj/.elan/toolchains/leanprover--lean4---v4.23.0-rc2/lib/lean:/Users/chenwydj/.elan/toolchains/leanprover--lean4---v4.23.0-rc2/lib:/Users/chenwydj/Documents/Research/pde/.lake/build/lib:/Users/chenwydj/Documents/Research/pde/.lake/packages/doc-gen4/.lake/build/lib:/Users/chenwydj/Documents/Research/pde/.lake/packages/MD4Lean/.lake/build/lib:/Users/chenwydj/Documents/Research/pde/.lake/packages/subverso/.lake/build/lib:/Users/chenwydj/Documents/Research/pde/.lake/packages/mathlib/.lake/build/lib:/Users/chenwydj/Documents/Research/pde/.lake/packages/Cli/.lake/build/lib:/Users/chenwydj/Documents/Research/pde/.lake/packages/UnicodeBasic/.lake/build/lib:/Users/chenwydj/Documents/Research/pde/.lake/packages/BibtexQuery/.lake/build/lib:/Users/chenwydj/Documents/Research/pde/.lake/packages/plausible/.lake/build/lib:/Users/chenwydj/Documents/Research/pde/.lake/packages/LeanSearchClient/.lake/build/lib:/Users/chenwydj/Documents/Research/pde/.lake/packages/importGraph/.lake/build/lib:/Users/chenwydj/Documents/Research/pde/.lake/packages/proofwidgets/.lake/build/lib:/Users/chenwydj/Documents/Research/pde/.lake/packages/aesop/.lake/build/lib:/Users/chenwydj/Documents/Research/pde/.lake/packages/Qq/.lake/build/lib:/Users/chenwydj/Documents/Research/pde/.lake/packages/batteries/.lake/build/lib /Users/chenwydj/Documents/Research/pde/.lake/packages/doc-gen4/.lake/build/bin/doc-gen4 single --build /Users/chenwydj/Documents/Research/pde/.lake/build Mathlib.LinearAlgebra.Pi https://github.com/leanprover-community/mathlib4/blob/90c0e186fd333cbdddbe0e5148aa3cd2d24dcf9a/Mathlib/LinearAlgebra/Pi.lean",
   "level": "trace"}],
 "inputs":
 [["<collection>",
   [["/Users/chenwydj/Documents/Research/pde/.lake/build/doc/Mathlib/Algebra/Group/Fin/Tuple.html",
     "4949871249251677604"],
    ["/Users/chenwydj/Documents/Research/pde/.lake/build/doc/Mathlib/Algebra/BigOperators/GroupWithZero/Action.html",
     "10889217189128219650"],
    ["/Users/chenwydj/Documents/Research/pde/.lake/build/doc/Mathlib/Algebra/BigOperators/Pi.html",
     "1569324969878186852"],
    ["/Users/chenwydj/Documents/Research/pde/.lake/build/doc/Mathlib/Algebra/Module/Prod.html",
     "14098107350132909298"],
    ["/Users/chenwydj/Documents/Research/pde/.lake/build/doc/Mathlib/Algebra/Module/Submodule/Ker.html",
     "9812920744671197798"],
    ["/Users/chenwydj/Documents/Research/pde/.lake/build/doc/Mathlib/Algebra/Module/Submodule/Range.html",
     "15561934503274990609"],
    ["/Users/chenwydj/Documents/Research/pde/.lake/build/doc/Mathlib/Algebra/Module/Equiv/Basic.html",
     "9719363468464026078"],
    ["/Users/chenwydj/Documents/Research/pde/.lake/build/doc/Mathlib/Logic/Equiv/Fin/Basic.html",
     "2603159674686265781"],
    ["/Users/chenwydj/Documents/Research/pde/.lake/build/doc/Mathlib/LinearAlgebra/Prod.html",
     "5132713182259068199"],
    ["/Users/chenwydj/Documents/Research/pde/.lake/build/doc/Mathlib/Data/Fintype/Option.html",
     "7123691290463466919"]]],
  ["/Users/chenwydj/Documents/Research/pde/.lake/build/doc-data/references.json",
   "11893762902049086281"],
  ["/Users/chenwydj/Documents/Research/pde/.lake/packages/doc-gen4/.lake/build/bin/doc-gen4",
   "13373513328055668456"],
  ["Mathlib.LinearAlgebra.Pi:leanArts", "1144713053276278780"]],
 "depHash": "6241531063312194840"}