{"synthetic": false,
 "schemaVersion": "2025-09-10",
 "outputs": null,
 "log":
 [{"message":
   ".> ELAN=elan ELAN_HOME=/Users/chenwydj/.elan ELAN_TOOLCHAIN=leanprover/lean4:v4.27.0 LAKE=/Users/chenwydj/.elan/toolchains/leanprover--lean4---v4.27.0/bin/lake LAKE_HOME=/Users/chenwydj/.elan/toolchains/leanprover--lean4---v4.27.0 LAKE_PKG_URL_MAP={} LAKE_NO_CACHE=false LAKE_ARTIFACT_CACHE=false LAKE_CACHE_KEY= LAKE_CACHE_ARTIFACT_ENDPOINT= LAKE_CACHE_REVISION_ENDPOINT= LEAN=/Users/chenwydj/.elan/toolchains/leanprover--lean4---v4.27.0/bin/lean LEAN_SYSROOT=/Users/chenwydj/.elan/toolchains/leanprover--lean4---v4.27.0 LEAN_AR=/Users/chenwydj/.elan/toolchains/leanprover--lean4---v4.27.0/bin/llvm-ar LEAN_CC= LAKE_CACHE_DIR=/Users/chenwydj/.elan/toolchains/leanprover--lean4---v4.27.0/lake/cache LEAN_PATH=/Users/chenwydj/Documents/Research/pde/.lake/packages/Qq/.lake/build/lib/lean:/Users/chenwydj/Documents/Research/pde/.lake/packages/aesop/.lake/build/lib/lean:/Users/chenwydj/Documents/Research/pde/.lake/packages/proofwidgets/.lake/build/lib/lean:/Users/chenwydj/Documents/Research/pde/.lake/packages/importGraph/.lake/build/lib/lean:/Users/chenwydj/Documents/Research/pde/.lake/packages/LeanSearchClient/.lake/build/lib/lean:/Users/chenwydj/Documents/Research/pde/.lake/packages/plausible/.lake/build/lib/lean:/Users/chenwydj/Documents/Research/pde/.lake/packages/BibtexQuery/.lake/build/lib/lean:/Users/chenwydj/Documents/Research/pde/.lake/packages/UnicodeBasic/.lake/build/lib/lean:/Users/chenwydj/Documents/Research/pde/.lake/packages/batteries/.lake/build/lib/lean:/Users/chenwydj/Documents/Research/pde/.lake/packages/Cli/.lake/build/lib/lean:/Users/chenwydj/Documents/Research/pde/.lake/packages/mathlib/.lake/build/lib/lean:/Users/chenwydj/Documents/Research/pde/.lake/packages/subverso/.lake/build/lib/lean:/Users/chenwydj/Documents/Research/pde/.lake/packages/MD4Lean/.lake/build/lib/lean:/Users/chenwydj/Documents/Research/pde/.lake/packages/doc-gen4/.lake/build/lib/lean:/Users/chenwydj/Documents/Research/pde/.lake/packages/checkdecls/.lake/build/lib/lean:/Users/chenwydj/Documents/Research/pde/.lake/packages/LeanArchitect/.lake/build/lib/lean:/Users/chenwydj/Documents/Research/pde/.lake/build/lib/lean:/Users/chenwydj/.elan/toolchains/leanprover--lean4---v4.27.0/lib/lean LEAN_SRC_PATH=/Users/chenwydj/Documents/Research/pde/.lake/packages/Qq:/Users/chenwydj/Documents/Research/pde/.lake/packages/Qq:/Users/chenwydj/Documents/Research/pde/.lake/packages/aesop:/Users/chenwydj/Documents/Research/pde/.lake/packages/aesop:/Users/chenwydj/Documents/Research/pde/.lake/packages/proofwidgets:/Users/chenwydj/Documents/Research/pde/.lake/packages/proofwidgets:/Users/chenwydj/Documents/Research/pde/.lake/packages/proofwidgets:/Users/chenwydj/Documents/Research/pde/.lake/packages/importGraph:/Users/chenwydj/Documents/Research/pde/.lake/packages/importGraph:/Users/chenwydj/Documents/Research/pde/.lake/packages/LeanSearchClient:/Users/chenwydj/Documents/Research/pde/.lake/packages/LeanSearchClient:/Users/chenwydj/Documents/Research/pde/.lake/packages/plausible:/Users/chenwydj/Documents/Research/pde/.lake/packages/plausible:/Users/chenwydj/Documents/Research/pde/.lake/packages/BibtexQuery:/Users/chenwydj/Documents/Research/pde/.lake/packages/UnicodeBasic:/Users/chenwydj/Documents/Research/pde/.lake/packages/UnicodeBasic:/Users/chenwydj/Documents/Research/pde/.lake/packages/batteries:/Users/chenwydj/Documents/Research/pde/.lake/packages/batteries:/Users/chenwydj/Documents/Research/pde/.lake/packages/Cli:/Users/chenwydj/Documents/Research/pde/.lake/packages/Cli:/Users/chenwydj/Documents/Research/pde/.lake/packages/mathlib:/Users/chenwydj/Documents/Research/pde/.lake/packages/mathlib:/Users/chenwydj/Documents/Research/pde/.lake/packages/mathlib:/Users/chenwydj/Documents/Research/pde/.lake/packages/mathlib:/Users/chenwydj/Documents/Research/pde/.lake/packages/mathlib:/Users/chenwydj/Documents/Research/pde/.lake/packages/mathlib:/Users/chenwydj/Documents/Research/pde/.lake/packages/mathlib:/Users/chenwydj/Documents/Research/pde/.lake/packages/subverso/src/:/Users/chenwydj/Documents/Research/pde/.lake/packages/MD4Lean:/Users/chenwydj/Documents/Research/pde/.lake/packages/MD4Lean:/Users/chenwydj/Documents/Research/pde/.lake/packages/doc-gen4:/Users/chenwydj/Documents/Research/pde/.lake/packages/LeanArchitect:/Users/chenwydj/Documents/Research/pde/.lake/packages/LeanArchitect:/Users/chenwydj/Documents/Research/pde:/Users/chenwydj/.elan/toolchains/leanprover--lean4---v4.27.0/src/lean/lake LEAN_GITHASH=db93fe1608548721853390a10cd40580fe7d22ae PATH DYLD_LIBRARY_PATH=/Users/chenwydj/.elan/toolchains/leanprover--lean4---v4.27.0/lib/lean:/Users/chenwydj/.elan/toolchains/leanprover--lean4---v4.27.0/lib:/Users/chenwydj/Documents/Research/pde/.lake/build/lib:/Users/chenwydj/Documents/Research/pde/.lake/packages/LeanArchitect/.lake/build/lib:/Users/chenwydj/Documents/Research/pde/.lake/packages/checkdecls/.lake/build/lib:/Users/chenwydj/Documents/Research/pde/.lake/packages/doc-gen4/.lake/build/lib:/Users/chenwydj/Documents/Research/pde/.lake/packages/MD4Lean/.lake/build/lib:/Users/chenwydj/Documents/Research/pde/.lake/packages/subverso/.lake/build/lib:/Users/chenwydj/Documents/Research/pde/.lake/packages/mathlib/.lake/build/lib:/Users/chenwydj/Documents/Research/pde/.lake/packages/Cli/.lake/build/lib:/Users/chenwydj/Documents/Research/pde/.lake/packages/batteries/.lake/build/lib:/Users/chenwydj/Documents/Research/pde/.lake/packages/UnicodeBasic/.lake/build/lib:/Users/chenwydj/Documents/Research/pde/.lake/packages/BibtexQuery/.lake/build/lib:/Users/chenwydj/Documents/Research/pde/.lake/packages/plausible/.lake/build/lib:/Users/chenwydj/Documents/Research/pde/.lake/packages/LeanSearchClient/.lake/build/lib:/Users/chenwydj/Documents/Research/pde/.lake/packages/importGraph/.lake/build/lib:/Users/chenwydj/Documents/Research/pde/.lake/packages/proofwidgets/.lake/build/lib:/Users/chenwydj/Documents/Research/pde/.lake/packages/aesop/.lake/build/lib:/Users/chenwydj/Documents/Research/pde/.lake/packages/Qq/.lake/build/lib /Users/chenwydj/Documents/Research/pde/.lake/packages/doc-gen4/.lake/build/bin/doc-gen4 single --build /Users/chenwydj/Documents/Research/pde/.lake/build PDE.SobolevSpace.Lp_function_spaces https://github.com/weiran-sun/pde/blob/00ff8938ef894f8d6c9b68711278c512d88ff057/PDE/SobolevSpace/Lp_function_spaces.lean",
   "level": "trace"}],
 "inputs":
 [["<collection>",
   [["/Users/chenwydj/Documents/Research/pde/.lake/build/doc/Mathlib/Data/Real/Basic.html",
     "612edf67e32c6a32"],
    ["/Users/chenwydj/Documents/Research/pde/.lake/build/doc/Mathlib/Data/NNReal/Defs.html",
     "3dbc1c6b093d0e8f"],
    ["/Users/chenwydj/Documents/Research/pde/.lake/build/doc/Mathlib/Data/Set/Function.html",
     "bb3556905578fa55"],
    ["/Users/chenwydj/Documents/Research/pde/.lake/build/doc/Mathlib/Data/Finset/Basic.html",
     "e289c08582427cbd"],
    ["/Users/chenwydj/Documents/Research/pde/.lake/build/doc/Mathlib/Data/Fin/Basic.html",
     "69ba17826be5da47"],
    ["/Users/chenwydj/Documents/Research/pde/.lake/build/doc/Mathlib/Data/ENNReal/Basic.html",
     "13e6994188f069f0"],
    ["/Users/chenwydj/Documents/Research/pde/.lake/build/doc/Mathlib/MeasureTheory/Integral/Lebesgue/Norm.html",
     "edc3168d76f2c622"],
    ["/Users/chenwydj/Documents/Research/pde/.lake/build/doc/Mathlib/MeasureTheory/Function/LpSeminorm/Basic.html",
     "021b751b74803c19"],
    ["/Users/chenwydj/Documents/Research/pde/.lake/build/doc/Mathlib/MeasureTheory/MeasurableSpace/Embedding.html",
     "c55aed014e324c9d"],
    ["/Users/chenwydj/Documents/Research/pde/.lake/build/doc/Mathlib/MeasureTheory/Function/LpSpace/Basic.html",
     "61fababd9c875821"],
    ["/Users/chenwydj/Documents/Research/pde/.lake/build/doc/Mathlib/MeasureTheory/Integral/Lebesgue/Basic.html",
     "32ed348aa4257e49"],
    ["/Users/chenwydj/Documents/Research/pde/.lake/build/doc/Mathlib/MeasureTheory/Integral/Lebesgue/Countable.html",
     "aadb1cc9b2ca13d8"],
    ["/Users/chenwydj/Documents/Research/pde/.lake/build/doc/Mathlib/MeasureTheory/Integral/IntegrableOn.html",
     "fdcec940d30d4f8a"],
    ["/Users/chenwydj/Documents/Research/pde/.lake/build/doc/Mathlib/MeasureTheory/Function/L2Space.html",
     "cc01d6c5475d9f72"],
    ["/Users/chenwydj/Documents/Research/pde/.lake/build/doc/Mathlib/MeasureTheory/Measure/Restrict.html",
     "d83453d4f476e10d"],
    ["/Users/chenwydj/Documents/Research/pde/.lake/build/doc/Mathlib/MeasureTheory/Integral/IntervalIntegral/Basic.html",
     "e2395dd21892e949"],
    ["/Users/chenwydj/Documents/Research/pde/.lake/build/doc/Mathlib/MeasureTheory/Integral/IntervalIntegral/FundThmCalculus.html",
     "674c2c3e060df321"],
    ["/Users/chenwydj/Documents/Research/pde/.lake/build/doc/Mathlib/MeasureTheory/Integral/IntervalIntegral/IntegrationByParts.html",
     "1749fcce94ffcb19"],
    ["/Users/chenwydj/Documents/Research/pde/.lake/build/doc/Mathlib/MeasureTheory/Function/AEEqFun.html",
     "5e47ec03939b8b32"],
    ["/Users/chenwydj/Documents/Research/pde/.lake/build/doc/Mathlib/MeasureTheory/Function/AEEqOfIntegral.html",
     "2d08fc3bd83e8c35"],
    ["/Users/chenwydj/Documents/Research/pde/.lake/build/doc/Mathlib/Analysis/Calculus/FDeriv/Basic.html",
     "55991b4dad5d02c7"],
    ["/Users/chenwydj/Documents/Research/pde/.lake/build/doc/Mathlib/Analysis/InnerProductSpace/Basic.html",
     "ab8e88d16f77035e"],
    ["/Users/chenwydj/Documents/Research/pde/.lake/build/doc/Mathlib/Analysis/Normed/Module/Basic.html",
     "583f373092397e3d"],
    ["/Users/chenwydj/Documents/Research/pde/.lake/build/doc/Mathlib/Analysis/Normed/Group/Basic.html",
     "dea3d1ea301ff5ed"],
    ["/Users/chenwydj/Documents/Research/pde/.lake/build/doc/Mathlib/Analysis/SpecialFunctions/Exp.html",
     "d8d9ca046232d7bf"],
    ["/Users/chenwydj/Documents/Research/pde/.lake/build/doc/Mathlib/Analysis/Distribution/AEEqOfIntegralContDiff.html",
     "a8af66a1642a230c"],
    ["/Users/chenwydj/Documents/Research/pde/.lake/build/doc/Mathlib/Analysis/Calculus/ContDiff/Defs.html",
     "adefbc31d26f183e"],
    ["/Users/chenwydj/Documents/Research/pde/.lake/build/doc/Mathlib/Analysis/Calculus/ContDiff/Basic.html",
     "9050c51f10cae7f2"],
    ["/Users/chenwydj/Documents/Research/pde/.lake/build/doc/Mathlib/Topology/Defs/Basic.html",
     "bb5c4be46c021edb"],
    ["/Users/chenwydj/Documents/Research/pde/.lake/build/doc/Mathlib/Topology/UniformSpace/Cauchy.html",
     "2671db7ac8711466"],
    ["/Users/chenwydj/Documents/Research/pde/.lake/build/doc/Mathlib/Topology/Algebra/Module/Basic.html",
     "0a9e14008eb9ad9d"],
    ["/Users/chenwydj/Documents/Research/pde/.lake/build/doc/Mathlib/Topology/Defs/Filter.html",
     "5ac3abf32393ca94"],
    ["/Users/chenwydj/Documents/Research/pde/.lake/build/doc/Mathlib/Topology/Basic.html",
     "19543b6b2a94e77a"],
    ["/Users/chenwydj/Documents/Research/pde/.lake/build/doc/Mathlib/Topology/Algebra/Support.html",
     "95cd1272b1c8249f"],
    ["/Users/chenwydj/Documents/Research/pde/.lake/build/doc/Mathlib/Order/Interval/Set/Defs.html",
     "5d49bd451c16a520"],
    ["/Users/chenwydj/Documents/Research/pde/.lake/build/doc/Mathlib/Algebra/Module/Defs.html",
     "3e565cd19f61f9dc"],
    ["/Users/chenwydj/Documents/Research/pde/.lake/build/doc/Mathlib/Logic/Nonempty.html",
     "27e4408ec4954937"],
    ["/Users/chenwydj/Documents/Research/pde/.lake/build/doc/Mathlib/Dynamics/Ergodic/MeasurePreserving.html",
     "83cf1b9690fb7345"],
    ["/Users/chenwydj/Documents/Research/pde/.lake/build/doc/Mathlib/Geometry/Manifold/PartitionOfUnity.html",
     "893256ba37337303"],
    ["/Users/chenwydj/Documents/Research/pde/.lake/build/doc/Mathlib/Geometry/Manifold/Metrizable.html",
     "585f046e2926553c"]]],
  ["/Users/chenwydj/Documents/Research/pde/.lake/build/doc-data/references.json",
   "a50f2257f35adb49"],
  ["/Users/chenwydj/Documents/Research/pde/.lake/packages/doc-gen4/.lake/build/bin/doc-gen4",
   "60a7d4a93ff539d0"],
  ["PDE.SobolevSpace.Lp_function_spaces:leanArts", "997ed9478265132e"]],
 "depHash": "d37a923845279221"}