{"synthetic": false,
 "schemaVersion": "2025-09-10",
 "outputs": null,
 "log":
 [{"message": "Documentation indexing", "level": "info"},
  {"message":
   ".> /Users/chenwydj/Documents/Research/pde/.lake/packages/doc-gen4/.lake/build/bin/doc-gen4 index --build /Users/chenwydj/Documents/Research/pde/.lake/build",
   "level": "trace"}],
 "inputs":
 [["/Users/chenwydj/Documents/Research/pde/.lake/packages/doc-gen4/.lake/build/bin/doc-gen4",
   "60a7d4a93ff539d0"],
  ["<nil>", "7b9f5ff346c3f45f"],
  ["<collection>",
   [["/Users/chenwydj/Documents/Research/pde/.lake/build/doc/PDE/Basics/Heat/HeatKernel.html",
     "18b5f3ac2c2117c8"],
    ["/Users/chenwydj/Documents/Research/pde/.lake/build/doc/PDE/Basics/Heat/HeatSolution.html",
     "848b95432c73e418"],
    ["/Users/chenwydj/Documents/Research/pde/.lake/build/doc/PDE/Basics/Heat/HeatSolutionProperty.html",
     "7d2c5018fa30dfbb"],
    ["/Users/chenwydj/Documents/Research/pde/.lake/build/doc/PDE/Basics/Heat/HeatMaximumPrinciple.html",
     "4466f5bb7b7f1923"],
    ["/Users/chenwydj/Documents/Research/pde/.lake/build/doc/PDE/SobolevSpace/Lp_function_spaces.html",
     "3bb2631eb836a677"],
    ["/Users/chenwydj/Documents/Research/pde/.lake/build/doc/PDE/SobolevSpace/weak_derivative.html",
     "666826eaedac7ce8"],
    ["/Users/chenwydj/Documents/Research/pde/.lake/build/doc/PDE.html",
     "b6c342a591707d16"]]]],
 "depHash": "51b0efa729c159c8"}